[debug] [2025-08-15T13:48:13.940Z] ----------------------------------------------------------------------
[debug] [2025-08-15T13:48:13.947Z] Command:       /opt/homebrew/Cellar/node/24.3.0/bin/node /opt/homebrew/bin/firebase init functions
[debug] [2025-08-15T13:48:13.947Z] CLI Version:   14.12.1
[debug] [2025-08-15T13:48:13.947Z] Platform:      darwin
[debug] [2025-08-15T13:48:13.947Z] Node Version:  v24.3.0
[debug] [2025-08-15T13:48:13.947Z] Time:          Fri Aug 15 2025 08:48:13 GMT-0500 (Central Daylight Time)
[debug] [2025-08-15T13:48:13.947Z] ----------------------------------------------------------------------
[debug] 
[debug] [2025-08-15T13:48:15.560Z] > command requires scopes: ["email","openid","https://www.googleapis.com/auth/cloudplatformprojects.readonly","https://www.googleapis.com/auth/firebase","https://www.googleapis.com/auth/cloud-platform"]
[debug] [2025-08-15T13:48:15.560Z] > authorizing via signed-in user (jeremyandenmei@gmail.com)
[info] 
     ######## #### ########  ######## ########     ###     ######  ########
     ##        ##  ##     ## ##       ##     ##  ##   ##  ##       ##
     ######    ##  ########  ######   ########  #########  ######  ######
     ##        ##  ##    ##  ##       ##     ## ##     ##       ## ##
     ##       #### ##     ## ######## ########  ##     ##  ######  ########

You're about to initialize a Firebase project in this directory:

  /Users/jeremysamuels/Documents/Pashto Bible split into verses

Before we get started, keep in mind:

  * You are initializing within an existing Firebase project directory

[info] 
=== Project Setup
[info] 
[info] First, let's associate this project directory with a Firebase project.
[info] You can create multiple project aliases by running firebase use --add, 
[info] but for now we'll just set up a default project.
[info] 
[debug] [2025-08-15T13:48:15.565Z] Using project from CLI flag: pashto-bible-search
[debug] [2025-08-15T13:48:15.567Z] Checked if tokens are valid: false, expires at: 1755266591391
[debug] [2025-08-15T13:48:15.567Z] Checked if tokens are valid: false, expires at: 1755266591391
[debug] [2025-08-15T13:48:15.567Z] > refreshing access token with scopes: []
[debug] [2025-08-15T13:48:15.571Z] >>> [apiv2][query] POST https://www.googleapis.com/oauth2/v3/token [none]
[debug] [2025-08-15T13:48:15.572Z] >>> [apiv2][body] POST https://www.googleapis.com/oauth2/v3/token [omitted]
[debug] [2025-08-15T13:48:15.735Z] <<< [apiv2][status] POST https://www.googleapis.com/oauth2/v3/token 200
[debug] [2025-08-15T13:48:15.735Z] <<< [apiv2][body] POST https://www.googleapis.com/oauth2/v3/token [omitted]
[debug] [2025-08-15T13:48:15.746Z] >>> [apiv2][query] GET https://firebase.googleapis.com/v1beta1/projects/pashto-bible-search [none]
[debug] [2025-08-15T13:48:15.985Z] <<< [apiv2][status] GET https://firebase.googleapis.com/v1beta1/projects/pashto-bible-search 200
[debug] [2025-08-15T13:48:15.985Z] <<< [apiv2][body] GET https://firebase.googleapis.com/v1beta1/projects/pashto-bible-search {"projectId":"pashto-bible-search","projectNumber":"381177313992","displayName":"pashto-bible-search","name":"projects/pashto-bible-search","resources":{"hostingSite":"pashto-bible-search"},"state":"ACTIVE","etag":"1_4d84c1f5-00bf-42b7-886e-322af889292a"}
[info] i  Using project pashto-bible-search (pashto-bible-search) 
[info] 
=== Functions Setup
[debug] [2025-08-15T13:48:16.090Z] > command requires scopes: ["email","openid","https://www.googleapis.com/auth/cloudplatformprojects.readonly","https://www.googleapis.com/auth/firebase","https://www.googleapis.com/auth/cloud-platform"]
[debug] [2025-08-15T13:48:16.090Z] > authorizing via signed-in user (jeremyandenmei@gmail.com)
[debug] [2025-08-15T13:48:16.090Z] [iam] checking project pashto-bible-search for permissions ["firebase.projects.get"]
[debug] [2025-08-15T13:48:16.090Z] Checked if tokens are valid: true, expires at: 1755269294735
[debug] [2025-08-15T13:48:16.090Z] Checked if tokens are valid: true, expires at: 1755269294735
[debug] [2025-08-15T13:48:16.090Z] >>> [apiv2][query] POST https://cloudresourcemanager.googleapis.com/v1/projects/pashto-bible-search:testIamPermissions [none]
[debug] [2025-08-15T13:48:16.090Z] >>> [apiv2][(partial)header] POST https://cloudresourcemanager.googleapis.com/v1/projects/pashto-bible-search:testIamPermissions x-goog-quota-user=projects/pashto-bible-search
[debug] [2025-08-15T13:48:16.090Z] >>> [apiv2][body] POST https://cloudresourcemanager.googleapis.com/v1/projects/pashto-bible-search:testIamPermissions {"permissions":["firebase.projects.get"]}
[debug] [2025-08-15T13:48:16.259Z] <<< [apiv2][status] POST https://cloudresourcemanager.googleapis.com/v1/projects/pashto-bible-search:testIamPermissions 200
[debug] [2025-08-15T13:48:16.259Z] <<< [apiv2][body] POST https://cloudresourcemanager.googleapis.com/v1/projects/pashto-bible-search:testIamPermissions {"permissions":["firebase.projects.get"]}
[debug] [2025-08-15T13:48:16.260Z] Checked if tokens are valid: true, expires at: 1755269294735
[debug] [2025-08-15T13:48:16.260Z] Checked if tokens are valid: true, expires at: 1755269294735
[debug] [2025-08-15T13:48:16.260Z] Checked if tokens are valid: true, expires at: 1755269294735
[debug] [2025-08-15T13:48:16.260Z] Checked if tokens are valid: true, expires at: 1755269294735
[debug] [2025-08-15T13:48:16.260Z] >>> [apiv2][query] GET https://serviceusage.googleapis.com/v1/projects/pashto-bible-search/services/cloudfunctions.googleapis.com [none]
[debug] [2025-08-15T13:48:16.260Z] >>> [apiv2][(partial)header] GET https://serviceusage.googleapis.com/v1/projects/pashto-bible-search/services/cloudfunctions.googleapis.com x-goog-quota-user=projects/pashto-bible-search
[debug] [2025-08-15T13:48:16.261Z] >>> [apiv2][query] GET https://serviceusage.googleapis.com/v1/projects/pashto-bible-search/services/runtimeconfig.googleapis.com [none]
[debug] [2025-08-15T13:48:16.261Z] >>> [apiv2][(partial)header] GET https://serviceusage.googleapis.com/v1/projects/pashto-bible-search/services/runtimeconfig.googleapis.com x-goog-quota-user=projects/pashto-bible-search
[debug] [2025-08-15T13:48:16.625Z] <<< [apiv2][status] GET https://serviceusage.googleapis.com/v1/projects/pashto-bible-search/services/cloudfunctions.googleapis.com 200
[debug] [2025-08-15T13:48:16.625Z] <<< [apiv2][body] GET https://serviceusage.googleapis.com/v1/projects/pashto-bible-search/services/cloudfunctions.googleapis.com [omitted]
[debug] [2025-08-15T13:48:16.625Z] Checked if tokens are valid: true, expires at: 1755269294735
[debug] [2025-08-15T13:48:16.625Z] Checked if tokens are valid: true, expires at: 1755269294735
[debug] [2025-08-15T13:48:16.625Z] >>> [apiv2][query] POST https://serviceusage.googleapis.com/v1/projects/pashto-bible-search/services/cloudfunctions.googleapis.com:enable [none]
[debug] [2025-08-15T13:48:16.625Z] >>> [apiv2][(partial)header] POST https://serviceusage.googleapis.com/v1/projects/pashto-bible-search/services/cloudfunctions.googleapis.com:enable x-goog-quota-user=projects/pashto-bible-search
[debug] [2025-08-15T13:48:16.656Z] <<< [apiv2][status] GET https://serviceusage.googleapis.com/v1/projects/pashto-bible-search/services/runtimeconfig.googleapis.com 200
[debug] [2025-08-15T13:48:16.656Z] <<< [apiv2][body] GET https://serviceusage.googleapis.com/v1/projects/pashto-bible-search/services/runtimeconfig.googleapis.com [omitted]
[debug] [2025-08-15T13:48:17.209Z] <<< [apiv2][status] POST https://serviceusage.googleapis.com/v1/projects/pashto-bible-search/services/cloudfunctions.googleapis.com:enable 200
[debug] [2025-08-15T13:48:17.209Z] <<< [apiv2][body] POST https://serviceusage.googleapis.com/v1/projects/pashto-bible-search/services/cloudfunctions.googleapis.com:enable [omitted]
