INFO:     Started server process [8716]
INFO:     Waiting for application startup.
INFO:     Application startup complete.
INFO:     Uvicorn running on http://0.0.0.0:8000 (Press CTRL+C to quit)
Loading search engines and data...
Loading form occurrence indices (NT and OT)...
Total forms in merged occurrence index: 18652
All engines and data loaded.
INFO:     127.0.0.1:53147 - "POST /search/phrase HTTP/1.1" 200 OK
INFO:     127.0.0.1:53244 - "POST /search/grammar HTTP/1.1" 500 Internal Server Error
ERROR:    Exception in ASGI application
Traceback (most recent call last):
  File "/Users/jeremysamuels/Documents/Pashto Bible split into verses/backend/venv/lib/python3.13/site-packages/uvicorn/protocols/http/httptools_impl.py", line 401, in run_asgi
    result = await app(  # type: ignore[func-returns-value]
             ^^^^^^^^^^^^^^^^^^^^^^^^^^^^^^^^^^^^^^^^^^^^^^
        self.scope, self.receive, self.send
        ^^^^^^^^^^^^^^^^^^^^^^^^^^^^^^^^^^^
    )
    ^
  File "/Users/jeremysamuels/Documents/Pashto Bible split into verses/backend/venv/lib/python3.13/site-packages/uvicorn/middleware/proxy_headers.py", line 70, in __call__
    return await self.app(scope, receive, send)
           ^^^^^^^^^^^^^^^^^^^^^^^^^^^^^^^^^^^^
  File "/Users/jeremysamuels/Documents/Pashto Bible split into verses/backend/venv/lib/python3.13/site-packages/fastapi/applications.py", line 1054, in __call__
    await super().__call__(scope, receive, send)
  File "/Users/jeremysamuels/Documents/Pashto Bible split into verses/backend/venv/lib/python3.13/site-packages/starlette/applications.py", line 113, in __call__
    await self.middleware_stack(scope, receive, send)
  File "/Users/jeremysamuels/Documents/Pashto Bible split into verses/backend/venv/lib/python3.13/site-packages/starlette/middleware/errors.py", line 187, in __call__
    raise exc
  File "/Users/jeremysamuels/Documents/Pashto Bible split into verses/backend/venv/lib/python3.13/site-packages/starlette/middleware/errors.py", line 165, in __call__
    await self.app(scope, receive, _send)
  File "/Users/jeremysamuels/Documents/Pashto Bible split into verses/backend/venv/lib/python3.13/site-packages/starlette/middleware/cors.py", line 85, in __call__
    await self.app(scope, receive, send)
  File "/Users/jeremysamuels/Documents/Pashto Bible split into verses/backend/venv/lib/python3.13/site-packages/starlette/middleware/exceptions.py", line 62, in __call__
    await wrap_app_handling_exceptions(self.app, conn)(scope, receive, send)
  File "/Users/jeremysamuels/Documents/Pashto Bible split into verses/backend/venv/lib/python3.13/site-packages/starlette/_exception_handler.py", line 53, in wrapped_app
    raise exc
  File "/Users/jeremysamuels/Documents/Pashto Bible split into verses/backend/venv/lib/python3.13/site-packages/starlette/_exception_handler.py", line 42, in wrapped_app
    await app(scope, receive, sender)
  File "/Users/jeremysamuels/Documents/Pashto Bible split into verses/backend/venv/lib/python3.13/site-packages/starlette/routing.py", line 715, in __call__
    await self.middleware_stack(scope, receive, send)
  File "/Users/jeremysamuels/Documents/Pashto Bible split into verses/backend/venv/lib/python3.13/site-packages/starlette/routing.py", line 735, in app
    await route.handle(scope, receive, send)
  File "/Users/jeremysamuels/Documents/Pashto Bible split into verses/backend/venv/lib/python3.13/site-packages/starlette/routing.py", line 288, in handle
    await self.app(scope, receive, send)
  File "/Users/jeremysamuels/Documents/Pashto Bible split into verses/backend/venv/lib/python3.13/site-packages/starlette/routing.py", line 76, in app
    await wrap_app_handling_exceptions(app, request)(scope, receive, send)
  File "/Users/jeremysamuels/Documents/Pashto Bible split into verses/backend/venv/lib/python3.13/site-packages/starlette/_exception_handler.py", line 53, in wrapped_app
    raise exc
  File "/Users/jeremysamuels/Documents/Pashto Bible split into verses/backend/venv/lib/python3.13/site-packages/starlette/_exception_handler.py", line 42, in wrapped_app
    await app(scope, receive, sender)
  File "/Users/jeremysamuels/Documents/Pashto Bible split into verses/backend/venv/lib/python3.13/site-packages/starlette/routing.py", line 73, in app
    response = await f(request)
               ^^^^^^^^^^^^^^^^
  File "/Users/jeremysamuels/Documents/Pashto Bible split into verses/backend/venv/lib/python3.13/site-packages/fastapi/routing.py", line 301, in app
    raw_response = await run_endpoint_function(
                   ^^^^^^^^^^^^^^^^^^^^^^^^^^^^
    ...<3 lines>...
    )
    ^
  File "/Users/jeremysamuels/Documents/Pashto Bible split into verses/backend/venv/lib/python3.13/site-packages/fastapi/routing.py", line 214, in run_endpoint_function
    return await run_in_threadpool(dependant.call, **values)
           ^^^^^^^^^^^^^^^^^^^^^^^^^^^^^^^^^^^^^^^^^^^^^^^^^
  File "/Users/jeremysamuels/Documents/Pashto Bible split into verses/backend/venv/lib/python3.13/site-packages/starlette/concurrency.py", line 39, in run_in_threadpool
    return await anyio.to_thread.run_sync(func, *args)
           ^^^^^^^^^^^^^^^^^^^^^^^^^^^^^^^^^^^^^^^^^^^
  File "/Users/jeremysamuels/Documents/Pashto Bible split into verses/backend/venv/lib/python3.13/site-packages/anyio/to_thread.py", line 56, in run_sync
    return await get_async_backend().run_sync_in_worker_thread(
           ^^^^^^^^^^^^^^^^^^^^^^^^^^^^^^^^^^^^^^^^^^^^^^^^^^^^
        func, args, abandon_on_cancel=abandon_on_cancel, limiter=limiter
        ^^^^^^^^^^^^^^^^^^^^^^^^^^^^^^^^^^^^^^^^^^^^^^^^^^^^^^^^^^^^^^^^
    )
    ^
  File "/Users/jeremysamuels/Documents/Pashto Bible split into verses/backend/venv/lib/python3.13/site-packages/anyio/_backends/_asyncio.py", line 2476, in run_sync_in_worker_thread
    return await future
           ^^^^^^^^^^^^
  File "/Users/jeremysamuels/Documents/Pashto Bible split into verses/backend/venv/lib/python3.13/site-packages/anyio/_backends/_asyncio.py", line 967, in run
    result = context.run(func, *args)
  File "/Users/jeremysamuels/Documents/Pashto Bible split into verses/backend/app.py", line 63, in ep_search_grammar
    results = handle_grammatical_search(req.query, indices.get("all", {}))
                                                   ^^^^^^^^^^^
AttributeError: 'tuple' object has no attribute 'get'
INFO:     127.0.0.1:53268 - "GET /search/simple?query=test HTTP/1.1" 200 OK
--- Smart Search Initiated ---
Query: 'test', Scope: ALL
Normalized Query: 'test'
Possible Roots: ['test']
Selected Root: 'test'
All Forms to Search (4): testې, testه, test, testو...
Found 0 unique verses.
--- Smart Search Finished ---
INFO:     127.0.0.1:53270 - "GET /search/grammatical?query=test&scope=ALL HTTP/1.1" 200 OK
INFO:     127.0.0.1:53272 - "GET /lexicon/lookup?query=test HTTP/1.1" 500 Internal Server Error
ERROR:    Exception in ASGI application
Traceback (most recent call last):
  File "/Users/jeremysamuels/Documents/Pashto Bible split into verses/backend/venv/lib/python3.13/site-packages/uvicorn/protocols/http/httptools_impl.py", line 401, in run_asgi
    result = await app(  # type: ignore[func-returns-value]
             ^^^^^^^^^^^^^^^^^^^^^^^^^^^^^^^^^^^^^^^^^^^^^^
        self.scope, self.receive, self.send
        ^^^^^^^^^^^^^^^^^^^^^^^^^^^^^^^^^^^
    )
    ^
  File "/Users/jeremysamuels/Documents/Pashto Bible split into verses/backend/venv/lib/python3.13/site-packages/uvicorn/middleware/proxy_headers.py", line 70, in __call__
    return await self.app(scope, receive, send)
           ^^^^^^^^^^^^^^^^^^^^^^^^^^^^^^^^^^^^
  File "/Users/jeremysamuels/Documents/Pashto Bible split into verses/backend/venv/lib/python3.13/site-packages/fastapi/applications.py", line 1054, in __call__
    await super().__call__(scope, receive, send)
  File "/Users/jeremysamuels/Documents/Pashto Bible split into verses/backend/venv/lib/python3.13/site-packages/starlette/applications.py", line 113, in __call__
    await self.middleware_stack(scope, receive, send)
  File "/Users/jeremysamuels/Documents/Pashto Bible split into verses/backend/venv/lib/python3.13/site-packages/starlette/middleware/errors.py", line 187, in __call__
    raise exc
  File "/Users/jeremysamuels/Documents/Pashto Bible split into verses/backend/venv/lib/python3.13/site-packages/starlette/middleware/errors.py", line 165, in __call__
    await self.app(scope, receive, _send)
  File "/Users/jeremysamuels/Documents/Pashto Bible split into verses/backend/venv/lib/python3.13/site-packages/starlette/middleware/cors.py", line 85, in __call__
    await self.app(scope, receive, send)
  File "/Users/jeremysamuels/Documents/Pashto Bible split into verses/backend/venv/lib/python3.13/site-packages/starlette/middleware/exceptions.py", line 62, in __call__
    await wrap_app_handling_exceptions(self.app, conn)(scope, receive, send)
  File "/Users/jeremysamuels/Documents/Pashto Bible split into verses/backend/venv/lib/python3.13/site-packages/starlette/_exception_handler.py", line 53, in wrapped_app
    raise exc
  File "/Users/jeremysamuels/Documents/Pashto Bible split into verses/backend/venv/lib/python3.13/site-packages/starlette/_exception_handler.py", line 42, in wrapped_app
    await app(scope, receive, sender)
  File "/Users/jeremysamuels/Documents/Pashto Bible split into verses/backend/venv/lib/python3.13/site-packages/starlette/routing.py", line 715, in __call__
    await self.middleware_stack(scope, receive, send)
  File "/Users/jeremysamuels/Documents/Pashto Bible split into verses/backend/venv/lib/python3.13/site-packages/starlette/routing.py", line 735, in app
    await route.handle(scope, receive, send)
  File "/Users/jeremysamuels/Documents/Pashto Bible split into verses/backend/venv/lib/python3.13/site-packages/starlette/routing.py", line 288, in handle
    await self.app(scope, receive, send)
  File "/Users/jeremysamuels/Documents/Pashto Bible split into verses/backend/venv/lib/python3.13/site-packages/starlette/routing.py", line 76, in app
    await wrap_app_handling_exceptions(app, request)(scope, receive, send)
  File "/Users/jeremysamuels/Documents/Pashto Bible split into verses/backend/venv/lib/python3.13/site-packages/starlette/_exception_handler.py", line 53, in wrapped_app
    raise exc
  File "/Users/jeremysamuels/Documents/Pashto Bible split into verses/backend/venv/lib/python3.13/site-packages/starlette/_exception_handler.py", line 42, in wrapped_app
    await app(scope, receive, sender)
  File "/Users/jeremysamuels/Documents/Pashto Bible split into verses/backend/venv/lib/python3.13/site-packages/starlette/routing.py", line 73, in app
    response = await f(request)
               ^^^^^^^^^^^^^^^^
  File "/Users/jeremysamuels/Documents/Pashto Bible split into verses/backend/venv/lib/python3.13/site-packages/fastapi/routing.py", line 301, in app
    raw_response = await run_endpoint_function(
                   ^^^^^^^^^^^^^^^^^^^^^^^^^^^^
    ...<3 lines>...
    )
    ^
  File "/Users/jeremysamuels/Documents/Pashto Bible split into verses/backend/venv/lib/python3.13/site-packages/fastapi/routing.py", line 214, in run_endpoint_function
    return await run_in_threadpool(dependant.call, **values)
           ^^^^^^^^^^^^^^^^^^^^^^^^^^^^^^^^^^^^^^^^^^^^^^^^^
  File "/Users/jeremysamuels/Documents/Pashto Bible split into verses/backend/venv/lib/python3.13/site-packages/starlette/concurrency.py", line 39, in run_in_threadpool
    return await anyio.to_thread.run_sync(func, *args)
           ^^^^^^^^^^^^^^^^^^^^^^^^^^^^^^^^^^^^^^^^^^^
  File "/Users/jeremysamuels/Documents/Pashto Bible split into verses/backend/venv/lib/python3.13/site-packages/anyio/to_thread.py", line 56, in run_sync
    return await get_async_backend().run_sync_in_worker_thread(
           ^^^^^^^^^^^^^^^^^^^^^^^^^^^^^^^^^^^^^^^^^^^^^^^^^^^^
        func, args, abandon_on_cancel=abandon_on_cancel, limiter=limiter
        ^^^^^^^^^^^^^^^^^^^^^^^^^^^^^^^^^^^^^^^^^^^^^^^^^^^^^^^^^^^^^^^^
    )
    ^
  File "/Users/jeremysamuels/Documents/Pashto Bible split into verses/backend/venv/lib/python3.13/site-packages/anyio/_backends/_asyncio.py", line 2476, in run_sync_in_worker_thread
    return await future
           ^^^^^^^^^^^^
  File "/Users/jeremysamuels/Documents/Pashto Bible split into verses/backend/venv/lib/python3.13/site-packages/anyio/_backends/_asyncio.py", line 967, in run
    result = context.run(func, *args)
  File "/Users/jeremysamuels/Documents/Pashto Bible split into verses/backend/app.py", line 76, in ep_lexicon_lookup
    results = lookup_lexicon(query)
  File "/Users/jeremysamuels/Documents/Pashto Bible split into verses/backend/services/search.py", line 23, in lookup_lexicon
    if query in entry.get("word", ""):
                ^^^^^^^^^
AttributeError: 'str' object has no attribute 'get'
INFO:     127.0.0.1:53314 - "GET /lexicon/frequency?scope=all&min_count=1&limit=10 HTTP/1.1" 200 OK
INFO:     127.0.0.1:53316 - "GET /audio/url?ref=John%203:16 HTTP/1.1" 200 OK
INFO:     127.0.0.1:53318 - "GET /dictionary/lookup?form=test HTTP/1.1" 200 OK
WARNING:  Invalid HTTP request received.
WARNING:  Invalid HTTP request received.
WARNING:  Invalid HTTP request received.
WARNING:  Invalid HTTP request received.
INFO:     127.0.0.1:55873 - "GET /search/simple?query=%D9%84%DB%8C%D8%AF%D9%84 HTTP/1.1" 200 OK
INFO:     127.0.0.1:55969 - "GET /search/simple?query=%D9%88%DB%8C%D9%86%D9%85 HTTP/1.1" 200 OK
INFO:     127.0.0.1:55971 - "GET /search/simple?query=%D9%88%DB%8C%D9%86%D9%8A HTTP/1.1" 200 OK
INFO:     127.0.0.1:55973 - "GET /search/simple?query=%D9%88%D9%88%DB%8C%D9%86%D9%8A HTTP/1.1" 200 OK
--- Smart Search Initiated ---
Query: 'لیدل', Scope: ALL
Normalized Query: 'لیدل'
Possible Roots: ['لیدل']
Selected Root: 'لیدل'
All Forms to Search (77): ولیدلو, ... به ... ولیدله, ولیدم, ولیدلی شي, ... به ... ولیدل, ... به ... ولیدلئ, ولیدلی شوې, ... به ... لیدي, ولیدله, ... به ... ولیدلی شي...
Found 829 unique verses.
--- Smart Search Finished ---
INFO:     127.0.0.1:56037 - "GET /search/grammatical?query=%D9%84%DB%8C%D8%AF%D9%84&scope=ALL HTTP/1.1" 200 OK
INFO:     127.0.0.1:56123 - "GET /audio/url?ref=Acts%201:16 HTTP/1.1" 200 OK
INFO:     127.0.0.1:56125 - "GET /audio/url?ref=John%203:16 HTTP/1.1" 200 OK
INFO:     127.0.0.1:56127 - "GET /audio/url?ref=Luke%202:20 HTTP/1.1" 200 OK
INFO:     127.0.0.1:56149 - "POST /search/phrase HTTP/1.1" 200 OK
INFO:     127.0.0.1:56321 - "GET /lexicon/frequency?scope=all&min_count=10&limit=20 HTTP/1.1" 200 OK
INFO:     Shutting down
INFO:     Waiting for application shutdown.
INFO:     Application shutdown complete.
INFO:     Finished server process [8716]
